// Jest Snapshot v1, https://goo.gl/fbAQLP

exports[`Component: <PostsView /> should render correctly 1`] = `
<FlexContainer>
  <SEO
    site={
      Object {
        "aboutSnippet": "Hello I am Cody, a full-stack JavaScript developer & Navy Veteran residing in Wichita, Kansas. I primarily works with Node, React, & GraphQL. When not writing code I love to go hiking, play with my dog & niece, and watch my Jayhawks win!",
        "author": "Cody Brunner",
        "business": Array [
          Object {
            "className": "fas, envelope",
            "href": "mailto:cody.a.brunner@gmail.com",
            "label": "Email",
          },
          Object {
            "className": "fab, linkedin",
            "href": "https://www.linkedin.com/in/cody-brunner",
            "label": "LinkedIn",
          },
          Object {
            "className": "fas, file-pdf",
            "href": "https://www.dropbox.com/s/ihan4qjasbmwcx7/Cody%20Brunner%20Resume.pdf?dl=1",
            "label": "Resume",
          },
        ],
        "contacts": Array [
          Object {
            "className": "fab, github",
            "href": "https://github.com/rockchalkwushock",
            "label": "Github",
          },
          Object {
            "className": "fab, instagram",
            "href": "https://www.instagram.com/rockchalkwushock",
            "label": "Instagram",
          },
          Object {
            "className": "fas, rss",
            "href": "rss.xml",
            "label": "RSS Feed",
          },
          Object {
            "className": "fab, twitter",
            "href": "https://twitter.com/RockChalkDev",
            "label": "Twitter",
          },
          Object {
            "className": "fab, youtube",
            "href": "https://www.youtube.com/channel/UCZgBTMhX7jZTkbm7Fpv2bWw",
            "label": "Youtube",
          },
        ],
        "copyright": "© 2017-2018 Cody Brunner",
        "description": "Cody's personal and tech blog.",
        "employment": "Please feel free to reach out to me via email, LinkedIn, and chekout my resume.",
        "googleVerify": "_P5Sbjg9dhez__QV3U70R-ydZn6ssT6qz5_nL0ZBzlE",
        "jobTitle": "Full-Stack JavaScript Developer",
        "keywords": "Cody Brunner, Full-Stack JavaScript Developer, Wichita, web-development, tech blog, Node.js, React.js, Apollo/GraphQL, blog, personal blog, tech blog, reactjs blog, apollo/graphql blog, javascript blog, nodejs blog, web-development blog",
        "lang": "en",
        "links": Object {
          "creativeCommons": Object {
            "href": "https://creativecommons.org/licenses/by-nc-sa/4.0/",
            "text": "All Rights Reserved.",
          },
          "gatsby": Object {
            "href": "https://gatsbyjs.org",
            "text": "Powered by Gatsby 1.9",
          },
          "now": Object {
            "href": "https://zeit.co/now",
            "text": "Hosted on Now",
          },
          "src": Object {
            "href": "https://github.com/rockchalkwushock/codybrunner.rocks",
          },
          "styled": Object {
            "href": "https://www.styled-components.com",
            "text": "Styled with Styled-Components 3.1",
          },
        },
        "menu": Array [
          Object {
            "href": "/",
            "id": 1,
            "text": "Home",
          },
          Object {
            "href": "/about",
            "id": 2,
            "text": "About",
          },
          Object {
            "href": "/posts/1",
            "id": 3,
            "text": "Blog",
          },
          Object {
            "href": "/certs",
            "id": 4,
            "text": "Certifications",
          },
        ],
        "siteUrl": "undefined",
        "tech": "The below are just some of the technologies I know and tooling I use frequently.",
        "title": "Cody Brunner - Blog",
        "twitter": "@RockChalkDev",
      }
    }
  />
  <Grid
    alternate={true}
  >
    <h1>
      Cody's Blog
    </h1>
    <List
      flow="row"
      gap={20}
    >
      <SiteCard
        key="/turdsspace/"
        post={
          Object {
            "excerpt": "blah blah blah",
            "fields": Object {
              "slug": "/turdsspace/",
            },
            "frontmatter": Object {
              "date": "February 03, 2018",
              "draft": false,
              "tags": Array [
                "JavaScript",
                "fp",
                "oop",
              ],
              "title": "All About JS",
            },
          }
        }
      />
      <SiteCard
        key="/turdsspace/"
        post={
          Object {
            "excerpt": "blah blah blah",
            "fields": Object {
              "slug": "/turdsspace/",
            },
            "frontmatter": Object {
              "date": "February 03, 2018",
              "draft": false,
              "tags": Array [
                "JavaScript",
                "fp",
                "oop",
              ],
              "title": "All About JS",
            },
          }
        }
      />
      <SiteCard
        key="/turdsspace/"
        post={
          Object {
            "excerpt": "blah blah blah",
            "fields": Object {
              "slug": "/turdsspace/",
            },
            "frontmatter": Object {
              "date": "February 03, 2018",
              "draft": false,
              "tags": Array [
                "JavaScript",
                "fp",
                "oop",
              ],
              "title": "All About JS",
            },
          }
        }
      />
      <SiteCard
        key="/turdsspace/"
        post={
          Object {
            "excerpt": "blah blah blah",
            "fields": Object {
              "slug": "/turdsspace/",
            },
            "frontmatter": Object {
              "date": "February 03, 2018",
              "draft": false,
              "tags": Array [
                "JavaScript",
                "fp",
                "oop",
              ],
              "title": "All About JS",
            },
          }
        }
      />
      <SiteCard
        key="/turdsspace/"
        post={
          Object {
            "excerpt": "blah blah blah",
            "fields": Object {
              "slug": "/turdsspace/",
            },
            "frontmatter": Object {
              "date": "February 03, 2018",
              "draft": false,
              "tags": Array [
                "JavaScript",
                "fp",
                "oop",
              ],
              "title": "All About JS",
            },
          }
        }
      />
      <SiteCard
        key="/turdsspace/"
        post={
          Object {
            "excerpt": "blah blah blah",
            "fields": Object {
              "slug": "/turdsspace/",
            },
            "frontmatter": Object {
              "date": "February 03, 2018",
              "draft": false,
              "tags": Array [
                "JavaScript",
                "fp",
                "oop",
              ],
              "title": "All About JS",
            },
          }
        }
      />
      <SiteCard
        key="/turdsspace/"
        post={
          Object {
            "excerpt": "blah blah blah",
            "fields": Object {
              "slug": "/turdsspace/",
            },
            "frontmatter": Object {
              "date": "February 03, 2018",
              "draft": false,
              "tags": Array [
                "JavaScript",
                "fp",
                "oop",
              ],
              "title": "All About JS",
            },
          }
        }
      />
      <SiteCard
        key="/turdsspace/"
        post={
          Object {
            "excerpt": "blah blah blah",
            "fields": Object {
              "slug": "/turdsspace/",
            },
            "frontmatter": Object {
              "date": "February 03, 2018",
              "draft": false,
              "tags": Array [
                "JavaScript",
                "fp",
                "oop",
              ],
              "title": "All About JS",
            },
          }
        }
      />
      <SiteCard
        key="/turdsspace/"
        post={
          Object {
            "excerpt": "blah blah blah",
            "fields": Object {
              "slug": "/turdsspace/",
            },
            "frontmatter": Object {
              "date": "February 03, 2018",
              "draft": false,
              "tags": Array [
                "JavaScript",
                "fp",
                "oop",
              ],
              "title": "All About JS",
            },
          }
        }
      />
      <SiteCard
        key="/turdsspace/"
        post={
          Object {
            "excerpt": "blah blah blah",
            "fields": Object {
              "slug": "/turdsspace/",
            },
            "frontmatter": Object {
              "date": "February 03, 2018",
              "draft": false,
              "tags": Array [
                "JavaScript",
                "fp",
                "oop",
              ],
              "title": "All About JS",
            },
          }
        }
      />
      <SiteCard
        key="/turdsspace/"
        post={
          Object {
            "excerpt": "blah blah blah",
            "fields": Object {
              "slug": "/turdsspace/",
            },
            "frontmatter": Object {
              "date": "February 03, 2018",
              "draft": false,
              "tags": Array [
                "JavaScript",
                "fp",
                "oop",
              ],
              "title": "All About JS",
            },
          }
        }
      />
      <SiteCard
        key="/turdsspace/"
        post={
          Object {
            "excerpt": "blah blah blah",
            "fields": Object {
              "slug": "/turdsspace/",
            },
            "frontmatter": Object {
              "date": "February 03, 2018",
              "draft": false,
              "tags": Array [
                "JavaScript",
                "fp",
                "oop",
              ],
              "title": "All About JS",
            },
          }
        }
      />
      <SiteCard
        key="/turdsspace/"
        post={
          Object {
            "excerpt": "blah blah blah",
            "fields": Object {
              "slug": "/turdsspace/",
            },
            "frontmatter": Object {
              "date": "February 03, 2018",
              "draft": false,
              "tags": Array [
                "JavaScript",
                "fp",
                "oop",
              ],
              "title": "All About JS",
            },
          }
        }
      />
      <SiteCard
        key="/turdsspace/"
        post={
          Object {
            "excerpt": "blah blah blah",
            "fields": Object {
              "slug": "/turdsspace/",
            },
            "frontmatter": Object {
              "date": "February 03, 2018",
              "draft": false,
              "tags": Array [
                "JavaScript",
                "fp",
                "oop",
              ],
              "title": "All About JS",
            },
          }
        }
      />
      <SiteCard
        key="/turdsspace/"
        post={
          Object {
            "excerpt": "blah blah blah",
            "fields": Object {
              "slug": "/turdsspace/",
            },
            "frontmatter": Object {
              "date": "February 03, 2018",
              "draft": false,
              "tags": Array [
                "JavaScript",
                "fp",
                "oop",
              ],
              "title": "All About JS",
            },
          }
        }
      />
    </List>
    <Paginate
      currentPage={1}
      totalPages={2}
    />
  </Grid>
</FlexContainer>
`;
