// Jest Snapshot v1, https://goo.gl/fbAQLP

exports[`Component: <List /> should render correctly 1`] = `
.c0 {
  display: grid;
  grid-auto-flow: row;
  grid-gap: 5px;
  grid-template-columns: 1fr;
  padding-top: 0;
}

@media (min-width:736px) {
  .c0 {
    grid-template-columns: 1fr;
  }
}

<ThemeProvider
  theme={
    Object {
      "post": Object {
        "bg": "#f9f8eb",
        "fg": "",
        "ftClr": "#000",
        "ftFm": "\\"Raleway\\", sans-serif",
        "ftSz": "1.1rem",
        "ftWt": "400",
        "linkClr": "#143a52",
        "linkHvClr": "#7a9eb1",
        "linkWt": "600",
        "lnHt": "1.618",
        "ltSp": "1px",
      },
      "screen": Object {
        "large": "736px",
      },
      "site": Object {
        "bg": "#7a9eb1",
        "fg": "#ffe1b6",
        "ftClr": "#143a52",
        "ftFm": "\\"Raleway\\", sans-serif",
        "ftSz": "1rem",
        "ftWt": "400",
        "linkClr": "#143a52",
        "linkHvClr": "#ffe1b6",
        "lnHt": "1.4",
        "ltSp": "0px",
      },
    }
  }
>
  <List
    flow="row"
    gap={5}
  >
    <ul
      className="c0"
    />
  </List>
</ThemeProvider>
`;
