// Jest Snapshot v1, https://goo.gl/fbAQLP

exports[`Component: <Wrapper /> should render correctly 1`] = `
.c0 {
  background-color: #7a9eb1;
  color: #143a52;
  display: -webkit-box;
  display: -webkit-flex;
  display: -ms-flexbox;
  display: flex;
  -webkit-flex-direction: column;
  -ms-flex-direction: column;
  flex-direction: column;
  font-family: "Raleway",sans-serif;
  font-size: 1rem;
  font-weight: 400;
  -webkit-letter-spacing: 0px;
  -moz-letter-spacing: 0px;
  -ms-letter-spacing: 0px;
  letter-spacing: 0px;
  line-height: 1.4;
  margin: 0 auto;
  min-height: 100vh;
  max-width: 900px;
}

<ThemeProvider
  theme={
    Object {
      "post": Object {
        "bg": "#f9f8eb",
        "fg": "",
        "ftClr": "#000",
        "ftFm": "\\"Raleway\\", sans-serif",
        "ftSz": "1.1rem",
        "ftWt": "400",
        "linkClr": "#143a52",
        "linkHvClr": "#7a9eb1",
        "linkWt": "600",
        "lnHt": "1.618",
        "ltSp": "1px",
      },
      "screen": Object {
        "large": "736px",
      },
      "site": Object {
        "bg": "#7a9eb1",
        "fg": "#ffe1b6",
        "ftClr": "#143a52",
        "ftFm": "\\"Raleway\\", sans-serif",
        "ftSz": "1rem",
        "ftWt": "400",
        "linkClr": "#143a52",
        "linkHvClr": "#ffe1b6",
        "lnHt": "1.4",
        "ltSp": "0px",
      },
    }
  }
>
  <Wrapper>
    <div
      className="c0"
    />
  </Wrapper>
</ThemeProvider>
`;
