// Jest Snapshot v1, https://goo.gl/fbAQLP

exports[`Component: <ProfilePic /> should render correctly 1`] = `
.c0 {
  background-color: #7a9eb1;
  background-position: center;
  background-repeat: no-repeat;
  background-size: cover;
  border-radius: 50%;
  height: 200px;
  margin-left: auto;
  margin-right: auto;
  width: 200px;
}

<ThemeProvider
  theme={
    Object {
      "post": Object {
        "bg": "#f9f8eb",
        "ftClr": "#000",
        "ftFm": "\\"Raleway\\", sans-serif",
        "ftSz": "1.1rem",
        "ftWt": "400",
        "linkClr": "#143a52",
        "linkHvClr": "#7a9eb1",
        "linkWt": "600",
        "lnHt": "1.618",
        "ltSp": "1px",
      },
      "screen": Object {
        "large": "736px",
      },
      "site": Object {
        "bg": "#7a9eb1",
        "borderRadius": "10px",
        "fg": "#ffe1b6",
        "ftClr": "#143a52",
        "ftFm": "\\"Raleway\\", sans-serif",
        "ftSz": "1rem",
        "ftWt": "400",
        "linkClr": "#143a52",
        "linkHvClr": "#ffe1b6",
        "lnHt": "1.4",
        "ltSp": "0px",
        "shadow": "1px 1px 5px 1px rgba(0, 0, 0, 0.7)",
        "transition": "all 0.3s ease-in-out",
      },
    }
  }
>
  <ProfilePic
    alt="a pic"
    sizes={
      Object {
        "aspectRatio": 1,
        "base64": "really long string",
        "sizes": "another string",
        "src": "yep and another",
        "srcSet": "even longer",
      }
    }
    title="hello"
  >
    <UnStyledImage
      alt="a pic"
      className="c0"
      sizes={
        Object {
          "aspectRatio": 1,
          "base64": "really long string",
          "sizes": "another string",
          "src": "yep and another",
          "srcSet": "even longer",
        }
      }
      title="hello"
    >
      <Image
        alt="a pic"
        className="c0"
        fadeIn={true}
        sizes={
          Object {
            "aspectRatio": 1,
            "base64": "really long string",
            "sizes": "another string",
            "src": "yep and another",
            "srcSet": "even longer",
          }
        }
        title="hello"
      >
        <div
          className=" gatsby-image-outer-wrapper"
          style={
            Object {
              "position": "relative",
              "zIndex": 0,
            }
          }
        >
          <div
            className="c0 gatsby-image-wrapper"
            style={
              Object {
                "overflow": "hidden",
                "position": "relative",
                "zIndex": 1,
              }
            }
          >
            <div
              style={
                Object {
                  "paddingBottom": "100%",
                  "width": "100%",
                }
              }
            />
            <Img
              alt="a pic"
              opacity={0}
              src="really long string"
              title="hello"
              transitionDelay="0.25s"
            >
              <img
                alt="a pic"
                src="really long string"
                style={
                  Object {
                    "height": "100%",
                    "left": 0,
                    "objectFit": "cover",
                    "objectPosition": "center",
                    "opacity": 0,
                    "position": "absolute",
                    "top": 0,
                    "transition": "opacity 0.5s",
                    "transitionDelay": "0.25s",
                    "width": "100%",
                  }
                }
                title="hello"
              />
            </Img>
            <Img
              alt="a pic"
              onLoad={[Function]}
              opacity={1}
              sizes="another string"
              src="yep and another"
              srcSet="even longer"
              title="hello"
            >
              <img
                alt="a pic"
                onLoad={[Function]}
                sizes="another string"
                src="yep and another"
                srcSet="even longer"
                style={
                  Object {
                    "height": "100%",
                    "left": 0,
                    "objectFit": "cover",
                    "objectPosition": "center",
                    "opacity": 1,
                    "position": "absolute",
                    "top": 0,
                    "transition": "opacity 0.5s",
                    "transitionDelay": "",
                    "width": "100%",
                  }
                }
                title="hello"
              />
            </Img>
            <noscript
              dangerouslySetInnerHTML={
                Object {
                  "__html": "<img width= height= src=\\"yep and another\\" srcset=\\"even longer\\" alt=\\"a pic\\" title=\\"hello\\" sizes=\\"another string\\" style=\\"position:absolute;top:0;left:0;transition:opacity 0.5s;transition-delay:;opacity:;width:100%;height:100%;object-fit:cover;objectPosition:center\\"/>",
                }
              }
            />
          </div>
        </div>
      </Image>
    </UnStyledImage>
  </ProfilePic>
</ThemeProvider>
`;
