// Jest Snapshot v1, https://goo.gl/fbAQLP

exports[`Component: <Card /> should render correctly 1`] = `
<Card
  draft={true}
>
  <Title>
    <SiteLink
      href="/turdsspace/"
      text="All About JS"
    />
  </Title>
  <Date>
    02-03-99
  </Date>
  <Excerpt>
    blah blah
  </Excerpt>
  <Tags
    tags={
      Array [
        "one",
        "two",
      ]
    }
  />
</Card>
`;
