// Jest Snapshot v1, https://goo.gl/fbAQLP

exports[`Component: <NavBar /> should render correctly 1`] = `
<Nav>
  <NavIcon
    aria-label="hamburger button"
    onClick={[Function]}
  >
    <SiteIcon
      icon="bars"
      size="3x"
    />
  </NavIcon>
  <NavList
    visible={false}
  >
    <SiteLink
      href="/"
      key="1"
      text="Home"
    />
    <SiteLink
      href="/about"
      key="2"
      text="About"
    />
    <SiteLink
      href="/posts/1"
      key="3"
      text="Blog"
    />
    <SiteLink
      href="/certs"
      key="4"
      text="Certifications"
    />
  </NavList>
</Nav>
`;
