// Jest Snapshot v1, https://goo.gl/fbAQLP

exports[`Component: <TagsTemplate /> should render correctly 1`] = `
<Tags
  tags={
    Array [
      Array [
        "one",
        Array [
          1,
          2,
          3,
        ],
      ],
      Array [
        "two",
        Array [
          1,
          2,
          3,
        ],
      ],
      Array [
        "three",
        Array [
          1,
          2,
          3,
        ],
      ],
    ]
  }
/>
`;
