// Jest Snapshot v1, https://goo.gl/fbAQLP

exports[`Component: <HomeView /> should render correctly 1`] = `
<FlexContainer>
  <SEO
    site={
      Object {
        "aboutSnippet": "Hello I am Cody, a full-stack JavaScript developer & Navy Veteran residing in Wichita, Kansas. I primarily works with Node, React, & GraphQL. When not writing code I love to go hiking, play with my dog & niece, and watch my Jayhawks win!",
        "author": "Cody Brunner",
        "business": Array [
          Object {
            "className": "fas, envelope",
            "href": "mailto:cody.a.brunner@gmail.com",
            "label": "Email",
          },
          Object {
            "className": "fab, linkedin",
            "href": "https://www.linkedin.com/in/cody-brunner",
            "label": "LinkedIn",
          },
          Object {
            "className": "fas, file-pdf",
            "href": "https://www.dropbox.com/s/ihan4qjasbmwcx7/Cody%20Brunner%20Resume.pdf?dl=1",
            "label": "Resume",
          },
        ],
        "contacts": Array [
          Object {
            "className": "fab, github",
            "href": "https://github.com/rockchalkwushock",
            "label": "Github",
          },
          Object {
            "className": "fab, instagram",
            "href": "https://www.instagram.com/rockchalkwushock",
            "label": "Instagram",
          },
          Object {
            "className": "fas, rss",
            "href": "rss.xml",
            "label": "RSS Feed",
          },
          Object {
            "className": "fab, twitter",
            "href": "https://twitter.com/RockChalkDev",
            "label": "Twitter",
          },
          Object {
            "className": "fab, youtube",
            "href": "https://www.youtube.com/channel/UCZgBTMhX7jZTkbm7Fpv2bWw",
            "label": "Youtube",
          },
        ],
        "copyright": "© 2017-2018 Cody Brunner",
        "description": "Cody Brunner is a Full-Stack JavaScript Developer living in Wichita, Kansas",
        "employment": "Please feel free to reach out to me via email, LinkedIn, and chekout my resume.",
        "googleVerify": "_P5Sbjg9dhez__QV3U70R-ydZn6ssT6qz5_nL0ZBzlE",
        "jobTitle": "Full-Stack JavaScript Developer",
        "keywords": "Cody Brunner, Full-Stack JavaScript Developer, Wichita, web-development, tech blog, Node.js, React.js, Apollo/GraphQL",
        "lang": "en",
        "links": Object {
          "creativeCommons": Object {
            "href": "https://creativecommons.org/licenses/by-nc-sa/4.0/",
            "text": "All Rights Reserved.",
          },
          "gatsby": Object {
            "href": "https://gatsbyjs.org",
            "text": "Powered by Gatsby 1.9",
          },
          "now": Object {
            "href": "https://zeit.co/now",
            "text": "Hosted on Now",
          },
          "src": Object {
            "href": "https://github.com/rockchalkwushock/codybrunner.rocks",
          },
          "styled": Object {
            "href": "https://www.styled-components.com",
            "text": "Styled with Styled-Components 3.1",
          },
        },
        "menu": Array [
          Object {
            "href": "/",
            "id": 1,
            "text": "Home",
          },
          Object {
            "href": "/about",
            "id": 2,
            "text": "About",
          },
          Object {
            "href": "/posts/1",
            "id": 3,
            "text": "Blog",
          },
          Object {
            "href": "/certs",
            "id": 4,
            "text": "Certifications",
          },
        ],
        "siteUrl": "undefined",
        "tech": "The below are just some of the technologies I know and tooling I use frequently.",
        "title": "Cody Brunner - Full-Stack JavaScript Developer",
        "twitter": "@RockChalkDev",
      }
    }
  />
  <Grid
    headCard={true}
  >
    <Image
      alt="Cody Brunner"
      prof={true}
      sizes={
        Object {
          "aspectRatio": 1,
          "base64": "really long string",
          "sizes": "another string",
          "src": "yep and another",
          "srcSet": "even longer",
        }
      }
      title="Cody Brunner"
    />
    <Heading>
      Cody Brunner
    </Heading>
    <styled.h4>
      Full-Stack JavaScript Developer
    </styled.h4>
    <List
      flow="column"
      gap={10}
    >
      <SiteLink
        ext={true}
        href="https://github.com/rockchalkwushock"
        key="Github"
        label="Github"
      >
        <SiteIcon
          icon={
            Array [
              "fab",
              "github",
            ]
          }
          size="2x"
        />
      </SiteLink>
      <SiteLink
        ext={true}
        href="https://www.instagram.com/rockchalkwushock"
        key="Instagram"
        label="Instagram"
      >
        <SiteIcon
          icon={
            Array [
              "fab",
              "instagram",
            ]
          }
          size="2x"
        />
      </SiteLink>
      <SiteLink
        ext={true}
        href="rss.xml"
        key="RSS Feed"
        label="RSS Feed"
      >
        <SiteIcon
          icon={
            Array [
              "fas",
              "rss",
            ]
          }
          size="2x"
        />
      </SiteLink>
      <SiteLink
        ext={true}
        href="https://twitter.com/RockChalkDev"
        key="Twitter"
        label="Twitter"
      >
        <SiteIcon
          icon={
            Array [
              "fab",
              "twitter",
            ]
          }
          size="2x"
        />
      </SiteLink>
      <SiteLink
        ext={true}
        href="https://www.youtube.com/channel/UCZgBTMhX7jZTkbm7Fpv2bWw"
        key="Youtube"
        label="Youtube"
      >
        <SiteIcon
          icon={
            Array [
              "fab",
              "youtube",
            ]
          }
          size="2x"
        />
      </SiteLink>
    </List>
  </Grid>
  <styled.div
    alternate={true}
  >
    <Heading>
      About
    </Heading>
    <Text>
      Hello I am Cody, a full-stack JavaScript developer & Navy Veteran residing in Wichita, Kansas. I primarily works with Node, React, & GraphQL. When not writing code I love to go hiking, play with my dog & niece, and watch my Jayhawks win!
    </Text>
    <Text>
      Please feel free to reach out to me via email, LinkedIn, and chekout my resume.
    </Text>
    <List
      flow="column"
      gap={50}
    >
      <SiteLink
        ext={true}
        href="mailto:cody.a.brunner@gmail.com"
        key="Email"
        label="Email"
      >
        <SiteIcon
          icon={
            Array [
              "fas",
              "envelope",
            ]
          }
          size="2x"
        />
      </SiteLink>
      <SiteLink
        ext={true}
        href="https://www.linkedin.com/in/cody-brunner"
        key="LinkedIn"
        label="LinkedIn"
      >
        <SiteIcon
          icon={
            Array [
              "fab",
              "linkedin",
            ]
          }
          size="2x"
        />
      </SiteLink>
      <SiteLink
        ext={true}
        href="https://www.dropbox.com/s/ihan4qjasbmwcx7/Cody%20Brunner%20Resume.pdf?dl=1"
        key="Resume"
        label="Resume"
      >
        <SiteIcon
          icon={
            Array [
              "fas",
              "file-pdf",
            ]
          }
          size="2x"
        />
      </SiteLink>
    </List>
  </styled.div>
  <Grid
    alternate={true}
  >
    <Heading>
      Tech Stack
    </Heading>
    <Text>
      The below are just some of the technologies I know and tooling I use frequently.
    </Text>
    <SiteLink
      ext={true}
      href="https://svgporn.com"
      text="SVG Icons Credit"
    />
    <ul>
      <Image
        alt="apollo"
        aria-label="apollo"
        key="svgIcons/apollo.svg"
        src="svgIcons/apollo.svg"
        title="apollo"
      />
    </ul>
  </Grid>
  <styled.div
    alternate={true}
  >
    <Heading>
      Featured Project
    </Heading>
    <ProjectCard
      name="Masha Eltsova Photography"
      source="https://github.com/rockchalkwushock/mashaeltsova-photography"
      summary="Masha Eltsova Photography is a photography business & portfolio website built as a progressive web application using NextJS & ReactJS. It implements both English and Russian languages through the default browser language of the user. By using the Cloudinary API the site is able to dynamically provide the end user with the best quality version of Masha's hi-res photos with the smallest possible data footprint leading to significantly better page load times for end users with poor network resources or mobile devices. The site implements lazy-loading of images not yet seen by the user to speed the loading of the page as well. The form data is processed by a MicroJS backend using Nodemailer to dispatch the booking query to Masha. This same backend acts as the API for querying the hi-res photos from a MongoDB collection."
      url="https://mashaeltsovaphotography.com"
    />
  </styled.div>
  <Grid
    alternate={true}
  >
    <Heading>
      Recent Posts
    </Heading>
    <List
      flow="row"
      gap={20}
    >
      <SiteCard
        key="/turdsspace/"
        post={
          Object {
            "excerpt": "blah blah blah",
            "fields": Object {
              "slug": "/turdsspace/",
            },
            "frontmatter": Object {
              "date": "February 03, 2018",
              "draft": false,
              "tags": Array [
                "JavaScript",
                "fp",
                "oop",
              ],
              "title": "All About JS",
            },
          }
        }
      />
    </List>
  </Grid>
</FlexContainer>
`;
