// Jest Snapshot v1, https://goo.gl/fbAQLP

exports[`Component: <TermView /> should render correctly with no taggedPosts 1`] = `
<FlexContainer>
  <Grid>
    <p>
      Whoa warrior, woah! How did you do that? Maybe go home okay.
    </p>
    <SiteLink
      href="/"
      text="Go back home"
    />
  </Grid>
</FlexContainer>
`;

exports[`Component: <TermView /> should render correctly with taggedPosts 1`] = `
<FlexContainer>
  <Grid
    alternate={true}
  >
    <h1>
      1
       post
       tagged with 
      JavaScript
    </h1>
    <List
      flow="row"
      gap={20}
    >
      <SiteCard
        key="/2018-02-03/all-about-js"
        post={
          Object {
            "excerpt": "blah blah",
            "fields": Object {
              "slug": "/2018-02-03/all-about-js",
            },
            "frontmatter": Object {
              "date": "February 03, 2018",
              "draft": false,
              "tags": Array [
                "JavaScript",
                "fp",
                "oop",
              ],
              "title": "All About JS",
            },
          }
        }
      />
    </List>
  </Grid>
</FlexContainer>
`;
