// Jest Snapshot v1, https://goo.gl/fbAQLP

exports[`Component: <Content /> should render correctly 1`] = `
.c0 {
  padding-top: 1em;
}

.c0 > h1,
.c0 h2,
.c0 h3,
.c0 h4,
.c0 h5,
.c0 h6 {
  font-family: "Raleway",sans-serif;
  margin: 0.75em 0;
}

.c0 > ol,
.c0 p,
.c0 ul {
  color: #000;
  font-family: "Raleway",sans-serif;
  font-size: 1.1rem;
  font-weight: 400;
  line-height: 1.618;
  padding: 0.5em 0;
}

.c0 > ol,
.c0 ul {
  margin-left: 1.5em;
}

.c0 > ol li,
.c0 ul li {
  margin: 0.25em 0;
}

.c0 > blockquote p em a,
.c0 > ol li a,
.c0 > p a,
.c0 > ul li a {
  color: #143a52;
  font-weight: 600;
  text-decoration: underline #143a52;
  -webkit-transition: all 0.2s ease-in-out;
  transition: all 0.2s ease-in-out;
}

.c0 > blockquote p em a:visited,
.c0 > ol li a:visited,
.c0 > p a:visited,
.c0 > ul li a:visited {
  color: #143a52;
}

.c0 > blockquote p em a:hover,
.c0 > ol li a:hover,
.c0 > p a:hover,
.c0 > ul li a:hover {
  color: #7a9eb1;
}

.c0 > blockquote {
  background-color: rgba(0,0,0,0.1);
  border-left: 5px solid #7a9eb1;
  border-radius: 5px;
  margin: 0.5em auto;
  padding: 0.25em 0.75em;
  width: 100%;
}

.c0 > blockquote p {
  color: rgba(0,0,0,0.8);
  font-style: italic;
  font-size: 1.1rem;
}

.c0 > ul li p {
  padding: 0;
}

.c0 > ul .task-list-item p {
  color: blue;
}

.c0 > blockquote:last-child {
  background-color: #000;
}

.c0 > blockquote p:last-child {
  text-align: center;
}

.c0 > p:last-child {
  text-align: center;
}

.c0 .gatsby-resp-image-link {
  padding: 0.25em 0;
}

.c0 .gatsby-highlight pre {
  background-color: rgba(0,0,0,0.1);
}

@media (min-width:736px) {
  .c0 > blockquote {
    width: 62%;
  }
}

<ThemeProvider
  theme={
    Object {
      "post": Object {
        "bg": "#f9f8eb",
        "ftClr": "#000",
        "ftFm": "\\"Raleway\\", sans-serif",
        "ftSz": "1.1rem",
        "ftWt": "400",
        "linkClr": "#143a52",
        "linkHvClr": "#7a9eb1",
        "linkWt": "600",
        "lnHt": "1.618",
        "ltSp": "1px",
      },
      "screen": Object {
        "large": "736px",
      },
      "site": Object {
        "bg": "#7a9eb1",
        "borderRadius": "10px",
        "fg": "#ffe1b6",
        "ftClr": "#143a52",
        "ftFm": "\\"Raleway\\", sans-serif",
        "ftSz": "1rem",
        "ftWt": "400",
        "linkClr": "#143a52",
        "linkHvClr": "#ffe1b6",
        "lnHt": "1.4",
        "ltSp": "0px",
        "shadow": "1px 1px 5px 1px rgba(0, 0, 0, 0.7)",
        "transition": "all 0.3s ease-in-out",
      },
    }
  }
>
  <Content
    dangerouslySetInnerHTML={
      Object {
        "__html": "hello world",
      }
    }
  >
    <section
      className="c0"
      dangerouslySetInnerHTML={
        Object {
          "__html": "hello world",
        }
      }
    />
  </Content>
</ThemeProvider>
`;
